---
source: src/tests/optimizing.rs
expression: output
---
echo "All variables are unused"
