---
source: src/tests/optimizing.rs
expression: output
---
a_0="some value"
echo "${a_0}"
