---
source: src/tests/optimizing.rs
expression: output
---
__0_command="$(touch file.txt)"
echo "The \`file.txt\` must be created even if \`a\` is not used"
